node.exe : - 
Generating browser 
application bundles 
(phase: setup)...
At line:1 char:1
+ & "C:\Program 
Files\nodejs/node.exe" 
"C:\Program 
Files\nodejs/node_mo 
...
+ ~~~~~~~~~~~~~~~~~~~~~
~~~~~~~~~~~~~~~~~~~~~~~
~~~~~~~~~~~~~~~~~~~~~~~
~~
    + CategoryInfo     
         : NotSpecifi  
  ed: (- Generating    
 br...hase: setup).    
..:String) [], Rem    
oteException
    + FullyQualifiedEr 
   rorId : NativeComm  
  andError
 
Γ£ö Browser 
application bundle 
generation complete.
Γ£ö Browser 
application bundle 
generation complete.

Warning: C:/myprojects/
Smart-budget/frontend/s
rc/app/auth/forgot-pass
word/forgot-password.co
mponent.css exceeded 
maximum budget. Budget 
2.00 kB was not met by 
214 bytes with a total 
of 2.21 kB.

Warning: C:/myprojects/
Smart-budget/frontend/s
rc/app/auth/login/login
.component.css 
exceeded maximum 
budget. Budget 2.00 kB 
was not met by 621 
bytes with a total of 
2.61 kB.

Warning: C:/myprojects/
Smart-budget/frontend/s
rc/app/pages/about-us/a
bout-us.component.css 
exceeded maximum 
budget. Budget 2.00 kB 
was not met by 93 
bytes with a total of 
2.09 kB.

Warning: C:/myprojects/
Smart-budget/frontend/s
rc/app/pages/admin/admi
n-dashboard/admin-dashb
oard.component.css 
exceeded maximum 
budget. Budget 2.00 kB 
was not met by 3.66 kB 
with a total of 5.66 
kB.

Warning: C:/myprojects/
Smart-budget/frontend/s
rc/app/pages/car-detail
s/car-details.component
.css exceeded maximum 
budget. Budget 2.00 kB 
was not met by 1.01 kB 
with a total of 3.01 
kB.

Warning: C:/myprojects/
Smart-budget/frontend/s
rc/app/pages/cars/cars.
component.css exceeded 
maximum budget. Budget 
2.00 kB was not met by 
1.33 kB with a total 
of 3.33 kB.

Warning: C:/myprojects/
Smart-budget/frontend/s
rc/app/pages/contactus/
contactus.component.css
 exceeded maximum 
budget. Budget 2.00 kB 
was not met by 879 
bytes with a total of 
2.86 kB.

Warning: C:/myprojects/
Smart-budget/frontend/s
rc/app/pages/home/home.
component.css exceeded 
maximum budget. Budget 
2.00 kB was not met by 
2.96 kB with a total 
of 4.96 kB.

Warning: C:/myprojects/
Smart-budget/frontend/s
rc/app/pages/payment/pa
yment.component.css 
exceeded maximum 
budget. Budget 2.00 kB 
was not met by 1.77 kB 
with a total of 3.77 
kB.

Warning: C:/myprojects/
Smart-budget/frontend/s
rc/app/pages/profile/pr
ofile.component.css 
exceeded maximum 
budget. Budget 2.00 kB 
was not met by 2.30 kB 
with a total of 4.30 
kB.



Error: src/app/pages/ad
min/admin-dashboard/adm
in-dashboard.component.
html:127:38 - error 
TS2367: This condition 
will always return 
'false' since the 
types '"users"' and 
'"inventory"' have no 
overlap.

127         <div 
class="tab-pane" 
*ngIf="activeTab === 
'inventory'">
                       
                  ~~~~~
~~~~~~~~~~~~~~~~~~~~

  src/app/pages/admin/a
dmin-dashboard/admin-da
shboard.component.ts:6:
16
    6   templateUrl: '.
/admin-dashboard.compon
ent.html',
                     ~~
~~~~~~~~~~~~~~~~~~~~~~~
~~~~~~~~~
    Error occurs in 
the template of 
component AdminDashboar
dComponent.


Error: src/app/pages/ad
min/admin-dashboard/adm
in-dashboard.component.
html:240:38 - error 
TS2367: This condition 
will always return 
'false' since the 
types '"users"' and 
'"add-car"' have no 
overlap.

240         <div 
class="tab-pane" 
*ngIf="activeTab === 
'add-car'">
                       
                  
~~~~~~~~~~~~~~~~~~~~~~~

  src/app/pages/admin/a
dmin-dashboard/admin-da
shboard.component.ts:6:
16
    6   templateUrl: '.
/admin-dashboard.compon
ent.html',
                     ~~
~~~~~~~~~~~~~~~~~~~~~~~
~~~~~~~~~
    Error occurs in 
the template of 
component AdminDashboar
dComponent.


Error: C:/myprojects/Sm
art-budget/frontend/src
/app/pages/admin/admin-
dashboard/admin-dashboa
rd.component.css 
exceeded maximum 
budget. Budget 4.00 kB 
was not met by 1.66 kB 
with a total of 5.66 
kB.

Error: C:/myprojects/Sm
art-budget/frontend/src
/app/pages/home/home.co
mponent.css exceeded 
maximum budget. Budget 
4.00 kB was not met by 
987 bytes with a total 
of 4.96 kB.

Error: C:/myprojects/Sm
art-budget/frontend/src
/app/pages/profile/prof
ile.component.css 
exceeded maximum 
budget. Budget 4.00 kB 
was not met by 310 
bytes with a total of 
4.30 kB.


